Validation summary for {TMP_PATH}/sim_muonback_summary.root
Events: 1931

mc_tracks:
  total: 14775
  nonempty_events: 1931
  min_per_event: 3
  max_per_event: 15
  mean_per_event: 7.651
  rms_per_event: 7.898
  sigma_per_event: 1.957
sbt_hits:
  total: 2208
  nonempty_events: 1931
  min_per_event: 1
  max_per_event: 3
  mean_per_event: 1.143
  rms_per_event: 1.197
  sigma_per_event: 0.353
splitcal_hits:
  total: 0
  nonempty_events: 0
  min_per_event: 0
  max_per_event: 0
  mean_per_event: 0.000
  rms_per_event: 0.000
  sigma_per_event: 0.000
straw_hits:
  total: 0
  nonempty_events: 0
  min_per_event: 0
  max_per_event: 0
  mean_per_event: 0.000
  rms_per_event: 0.000
  sigma_per_event: 0.000
timedet_hits:
  total: 0
  nonempty_events: 0
  min_per_event: 0
  max_per_event: 0
  mean_per_event: 0.000
  rms_per_event: 0.000
  sigma_per_event: 0.000
ubt_hits:
  total: 688
  nonempty_events: 644
  min_per_event: 0
  max_per_event: 2
  mean_per_event: 0.356
  rms_per_event: 0.634
  sigma_per_event: 0.524

Wrote JSON summary to {TMP_PATH}/sim_muonback_summary.validation.json
