cd /vetoTF/FairShip
pixi run build
✨ Pixi task (configure): cmake -S . -B build -G Ninja -DCMAKE_BUILD_TYPE=Release -DCMAKE_INSTALL_PREFIX=$CONDA_PREFIX -DCMAKE_INSTALL_LIBDIR=lib -DCMAKE_EXPORT_COMPILE_COMMANDS=ON -DCMAKE_PREFIX_PATH=$CONDA_PREFIX "-DCMAKE_CXX_FLAGS=-isystem $CONDA_PREFIX/include/geant4vmc -isystem $CONDA_PREFIX/include/Geant4" 
-- FairShip version: 25.12.353
-- NOT Found FAIRBASE
--- Found a Linux system
--- Found GNU compiler collection
CMake Warning (dev) at .pixi/envs/default/share/fairbase/cmake/modules/FindPythia8.cmake:34 (elseif):
  ELSEIF called with no arguments, it will be skipped.
Call Stack (most recent call first):
  .pixi/envs/default/share/faircmakemodules/modules/FairFindPackage2.cmake:218 (find_package)
  CMakeLists.txt:166 (find_package2)
This warning is for project developers.  Use -Wno-dev to suppress it.

-- Setting FairRoot environment:
--   FairRoot Version           : 19.0.1
--   FairRoot Version (Git)     : 5777184
--   FairRoot CXX Standard      : 20
--   FairRoot prefix            : /vetoTF/FairShip/.pixi/envs/default
--   FairRoot Library directory : /vetoTF/FairShip/.pixi/envs/default/lib
--   FairRoot Include path      : /vetoTF/FairShip/.pixi/envs/default/include
--   FairRoot Cmake Modules     : /vetoTF/FairShip/.pixi/envs/default/share/fairbase/cmake/modules
-- Found ROOTEGPythia6 Version: 6.28.0 in "/vetoTF/FairShip/.pixi/envs/default/lib64/cmake/ROOTEGPythia6"
-- Found ROOTEGPythia6 Version: 6.28.0 in "/vetoTF/FairShip/.pixi/envs/default/lib64/cmake/ROOTEGPythia6"
--     ROOTEGPythia6_INCLUDE_DIR: /vetoTF/FairShip/.pixi/envs/default/include
--     ROOTEGPythia6_LIB_DIR: /vetoTF/FairShip/.pixi/envs/default/lib64
-- Setting basic variables ...
-- Configuring done (0.8s)
-- Generating done (0.0s)
-- Build files have been written to: /vetoTF/FairShip/build

✨ Pixi task (build): cmake --build build -j$(nproc)
[1/1] Creating symlinks from /vetoTF/FairShip to /vetoTF/FairShip/build for geometry and macro
